Microchip MPLAB XC8 Compiler V2.20

Linker command line:

-W-3 --edf=/opt/microchip/xc8/v2.20/pic/dat/en_msgs.txt -cn \
  -h+dist/default/production/jacasseux.X.production.sym \
  --cmf=dist/default/production/jacasseux.X.production.cmf -z -Q10F322 \
  -o/tmp/xcXcjiOMK --defsym=__MPLAB_BUILD=1 \
  -Mdist/default/production/jacasseux.X.production.map -E1 \
  -ver=XC8 Compiler --acfsm=1493 -ASTACK=045h-07Dh -pstack=STACK \
  -ACODE=00h-01FFh -ASTRCODE=00h-01FFh -ASTRING=00h-0FFhx2 \
  -ACONST=00h-0FFhx2 -AENTRY=00h-0FFhx2 -ABANK0=040h-07Dh -ARAM=040h-07Dh \
  -AABS1=040h-07Fh -ACOMMON=07Eh-07Fh -ASFR0=00h-03Fh \
  -ACONFIG=02007h-02007h -DCONFIG=2 -AIDLOC=02000h-02003h -DIDLOC=2 \
  -preset_vec=00h,intentry,init,end_init -ppowerup=CODE -pcinit=CODE \
  -pfunctab=ENTRY -DCODE=2 -DSTRCODE=2 -DSTRING=2 -DCONST=2 -DENTRY=2 -k \
  /tmp/xcXAnKDAb.o dist/default/production/jacasseux.X.production.o 

Object code version is 3.11

Machine type is 10F322



                Name                               Link     Load   Length Selector   Space Scale
/tmp/xcXAnKDAb.o
                end_init                              0        0        1        0       0
                config                             2007     2007        1        0       4
dist/default/production/jacasseux.X.production.o
                cinit                               1FB      1FB        5      3F6       0
                config                             2007     2007        1        0       4
                maintext                            192      192       69      324       0
                cstackBANK0                          43       43        2       40       1
                bssBANK0                             40       40        3       40       1

TOTAL           Name                               Link     Load   Length     Space
        CLASS   STACK          

        CLASS   CODE           
                end_init                              0        0        1         0
                cinit                               1FB      1FB        5         0
                maintext                            192      192       69         0

        CLASS   STRCODE        

        CLASS   STRING         

        CLASS   CONST          

        CLASS   ENTRY          

        CLASS   BANK0          
                cstackBANK0                          43       43        2         1
                bssBANK0                             40       40        3         1

        CLASS   RAM            

        CLASS   ABS1           
                abs_s1                               7E       7E        2         1

        CLASS   COMMON         

        CLASS   SFR0           

        CLASS   CONFIG         
                config                             2007     2007        1         4

        CLASS   IDLOC          

        CLASS   EEDATA         



SEGMENTS        Name                           Load    Length   Top    Selector   Space  Class     Delta

                bssBANK0                       000040  000005  000045        40       1  BANK0       1
                reset_vec                      000000  000001  000001         0       0  CODE        2
                maintext                       000192  000069  0001FB       324       0  CODE        2
                cinit                          0001FB  000005  000200       3F6       0  CODE        2


UNUSED ADDRESS RANGES

        Name                Unused          Largest block    Delta
        BANK0            0045-007D             39           1
        CODE             0001-0191            191           2
        CONST            0001-0191             FF           2
        ENTRY            0001-0191             FF           2
        IDLOC            2000-2003              4           2
        RAM              0045-007D             39           1
        SFR0             0000-003F             40           1
        STACK            0045-007D             39           1
        STRCODE          0001-0191            191           2
        STRING           0001-0191             FF           2

                                  Symbol Table

_ANSELA                  (abs)       0008
_CLC1CON                 (abs)       0031
_CLC1GLS0                (abs)       0035
_CLC1GLS1                (abs)       0036
_CLC1GLS2                (abs)       0037
_CLC1GLS3                (abs)       0038
_CLC1POL                 (abs)       0034
_CLC1SEL0                (abs)       0032
_CLC1SEL1                (abs)       0033
_LATA                    (abs)       0007
_NCO1CLK                 (abs)       002E
_NCO1CON                 (abs)       002D
_NCO1INC                 (abs)       002A
_OPTION_REG              (abs)       000E
_OSCCON                  (abs)       0010
_PORTA                   (abs)       0005
_PR2                     (abs)       0012
_PWM1CON                 (abs)       0016
_PWM1DCH                 (abs)       0015
_PWM1DCL                 (abs)       0014
_T2CON                   (abs)       0013
_TMR0                    (abs)       0001
_TRISA                   (abs)       0006
_WPUA                    (abs)       0009
__Habs1                  abs1        0000
__Hbank0                 bank0       0000
__HbssBANK0              bssBANK0    0000
__Hcinit                 cinit       0200
__Hclrtext               clrtext     0000
__Hcode                  code        0000
__Hcommon                common      0000
__Hconfig                config      2008
__HcstackBANK0           cstackBANK0 0000
__Heeprom_data           eeprom_data 0000
__Hend_init              end_init    0001
__Hfunctab               functab     0000
__Hinit                  init        0000
__Hintentry              intentry    0000
__Hmaintext              maintext    0000
__Hpowerup               powerup     0000
__Hram                   ram         0000
__Hreset_vec             reset_vec   0000
__Hsfr0                  sfr0        0000
__Hspace_0               (abs)       0200
__Hspace_1               (abs)       0045
__Hspace_2               (abs)       0000
__Hspace_3               (abs)       0000
__Hspace_4               (abs)       400F
__Hstack                 stack       0000
__Hstrings               strings     0000
__Htext                  text        0000
__Labs1                  abs1        0000
__Lbank0                 bank0       0000
__LbssBANK0              bssBANK0    0000
__Lcinit                 cinit       01FB
__Lclrtext               clrtext     0000
__Lcode                  code        0000
__Lcommon                common      0000
__Lconfig                config      0000
__LcstackBANK0           cstackBANK0 0000
__Leeprom_data           eeprom_data 0000
__Lend_init              end_init    0000
__Lfunctab               functab     0000
__Linit                  init        0000
__Lintentry              intentry    0000
__Lmaintext              maintext    0000
__Lpowerup               powerup     0000
__Lram                   ram         0000
__Lreset_vec             reset_vec   0000
__Lsfr0                  sfr0        0000
__Lspace_0               (abs)       0000
__Lspace_1               (abs)       0000
__Lspace_2               (abs)       0000
__Lspace_3               (abs)       0000
__Lspace_4               (abs)       0000
__Lstack                 stack       0000
__Lstrings               strings     0000
__Ltext                  text        0000
__S0                     (abs)       0200
__S1                     (abs)       0045
__S2                     (abs)       0000
___int_sp                stack       0000
___latbits               (abs)       0000
___sp                    stack       0000
___stackhi               (abs)       0000
___stacklo               (abs)       0000
__end_of__initialization cinit       01FE
__end_of_main            maintext    01FB
__initialization         cinit       01FB
__pbssBANK0              bssBANK0    0040
__pcstackBANK0           cstackBANK0 0043
__pmaintext              maintext    0192
__size_of_main           (abs)       0000
_main                    maintext    0192
_ms_dly                  bssBANK0    0042
_temp                    bssBANK0    0040
btemp                    (abs)       007E
end_of_initialization    cinit       01FE
intlevel0                functab     0000
intlevel1                functab     0000
intlevel2                functab     0000
intlevel3                functab     0000
intlevel4                functab     0000
intlevel5                functab     0000
reset_vec                reset_vec   0000
start                    init        0000
start_initialization     cinit       01FB
wtemp0                   (abs)       007E


FUNCTION INFORMATION:

 *************** function _main *****************
 Defined at:
		line 31 in file "jacasseux.c"
 Parameters:    Size  Location     Type
		None
 Auto vars:     Size  Location     Type
		None
 Return value:  Size  Location     Type
                  1    wreg      void 
 Registers used:
		wreg, status,2, status,0, btemp+1
 Tracked objects:
		On entry : 
		On exit  : 
		Unchanged: 
 Data sizes:     COMMON   BANK0
      Params:         0       0
      Locals:         0       0
      Temps:          0       2
      Totals:         0       2
Total ram usage:        2 bytes
 This function calls:
		Nothing
 This function is called by:
		Startup code after reset
 This function uses a non-reentrant model



MODULE INFORMATION

Module		Function		Class		Link	Load	Size
shared
		__initialization		CODE           	01FB	0000	4

shared estimated size: 4

jacasseux.c
		_main          		CODE           	0192	0000	106

jacasseux.c estimated size: 106

